<?xml version="1.0" ?>
<testsuites failures="1" name="TestXML" tests="2" time="0">
	<testsuite name="AStarEx" failures="3"  tests="10" time="0">
		<testcase name="Constructor SetsPoints" time="0"></testcase>
		<testcase name="GetPointsInRange ReturnsNoPoints StandingOnOnlyTile" time="0"></testcase>
		<testcase name="GetPointsInRange ReturnsPoints SurroundedByPoints" time="0"></testcase>
		<testcase name="GetPointsInRange DoesNotReturnPointsOutsideRange PlentyOfPoints" time="0"></testcase>
		<testcase name="GetPointsInRange ReturnsNoPoints BigHeightDifference" time="0"></testcase>
		<testcase name="GetPointsInRange ReturnsReachablePoints HeightObstacles" time="0"></testcase>
		<testcase name="GetPointsInRange ReturnsReachablePoints UnpassableObstacles" time="0">
			<failure message="EXPECTED: N/A but GOT N/A"></failure></testcase>
		<testcase name="GetPointsInRange ReturnsReachablePoints DifficultTerrain" time="0">
			<failure message="EXPECTED: N/A but GOT N/A"></failure></testcase>
		<testcase name="GetPath ReturnsShortestPathRespectingObstacles AvailablePath" time="0"></testcase>
		<testcase name="GetPath ReturnsEmptyResults NoAvailablePath" time="0">
			<failure message="EXPECTED: |System.Int32| 2 is equal to |System.Int32|0 but GOT |System.Int32| 2 is not equal to |System.Int32|0"></failure></testcase>
	</testsuite>

	<testsuite name="IsoMap" failures="0"  tests="11" time="0">
		<testcase name="GetTileAtXYZ ReturnsNull NoTiles" time="0"></testcase>
		<testcase name="GetTileAtXYZ ReturnsTile TileAtLocation" time="0"></testcase>
		<testcase name="GetTileAtXYZ ReturnsNull NoTileAtLocation" time="0"></testcase>
		<testcase name="MapToWorld ReturnsCorrectPoint" time="0"></testcase>
		<testcase name="Pick ReturnsEmptyList NoTileUnderWorldPosition" time="0"></testcase>
		<testcase name="Pick ReturnsCorrectTile SingleTile" time="0"></testcase>
		<testcase name="Pick ReturnsCorrectTile ExtentsOfTileBounds" time="0"></testcase>
		<testcase name="Pick ReturnsMultipleTiles MultipleTilesUnderWorldPosition" time="0"></testcase>
		<testcase name="PickUncovered ReturnsSameAsPick NoCoveredTiles" time="0"></testcase>
		<testcase name="PickUncovered StripsCoveredTiles OverlappingCoveredTile" time="0"></testcase>
		<testcase name="PickUncovered ReturnsTop DeepStack" time="0"></testcase>
	</testsuite>

</testsuites>